[Licensing::Module] Trying to connect to existing licensing client channel...
[Licensing::IpcConnector] Successfully connected to: "LicenseClient-mateo" at "2026-09-09T17:46:01.7115804Z"
Built from '6000.6/respin/6000.6.0f1-fa21a270ab12' branch; Version is '6000.6.0f1 (f7f8ed4d1e24) revision 16251117'; Using compiler version '194234433'; Build Type 'Release'
OS: 'Windows 10  (10.0.19045) 64bit Core' Language: 'pl' Physical Memory: 32665 MB
BatchMode: 1, IsHumanControllingUs: 0, StartBugReporterOnCrash: 0, Is64bit: 1
System  architecture: x64
Process architecture: x64
Date: 2026-09-09T17:46:01Z
[Licensing::Client] Code 10 while verifying Licensing Client signature (process Id: 25416, path: "D:/Unity Hub/UnityLicensingClient_V1/Unity.Licensing.Client.exe")
[Licensing::Module] LicensingClient has failed validation; ignoring
[Licensing::Client] Handshaking with LicensingClient:
  Version:                 1.18.3+d7ffd15
  Session Id:              2938cc96f10740c683959f5a304dbc41
  Correlation Id:          0d6fe8e61b21515ed5cb024c28e9b79b
  External correlation Id: 3166876518838347897
  Machine Id:              dG4pfCed+NxOqmlJ/7V75Z65m9k=
[Licensing::Module] Successfully connected to LicensingClient on channel: "LicenseClient-mateo" (connect: 0.00s, validation: 0.00s, handshake: 0.09s)
[Licensing::IpcConnector] Successfully connected to: "LicenseClient-mateo-notifications" at "2026-09-09T17:46:01.8003339Z"
[Licensing::Module] Licensing Background thread has ended after 0.09s

COMMAND LINE ARGUMENTS:
D:\Unity\Hub\Editor\6000.6.0f1\Editor\Unity.exe
-adb2
-batchMode
-noUpm
-name
AssetImportWorkerHW1
-projectPath
D:/Unity/Snake
-logFile
Logs/AssetImportWorkerHW1.log
-srvPort
63076
-parentPid
16624
-analyticsCloudUserId
7972567108616
-analyticsCloudProjectId
09fb4082-f846-4671-b947-53ea31098952
-analyticsLocalProjectId
4ef6980bb4847ae419165df2def2aebc
-editorAnalyticsEnabled
1
-cbmEditorLicense
35eb65185f47662592796ddfb8555fa04ba4d28a
-cbmMachineId
dG4pfCed+NxOqmlJ/7V75Z65m9k=
-licensingIpc
LicenseClient-mateo
-noDiagnosticSwitchPersistentStore
-job-worker-count
7
-background-job-worker-count
8
-asset-garbage-collectors
1
-force-d3d12
-name
AssetImport
Successfully changed project path to: D:/Unity/Snake
D:/Unity/Snake
[UnityMemory] Configuration Parameters - Can be set up in boot.config
    "memorysetup-temp-allocator-size-gi-baking-worker=262144"
    "memorysetup-temp-allocator-size-gi-baking-worker=262144"
    "memorysetup-temp-allocator-size-gi-baking-worker=262144"
    "memorysetup-temp-allocator-size-gi-baking-worker=262144"
    "memorysetup-temp-allocator-size-gi-baking-worker=262144"
    "memorysetup-temp-allocator-size-nav-mesh-worker=65536"
    "memorysetup-temp-allocator-size-audio-worker=65536"
    "memorysetup-temp-allocator-size-cloud-worker=32768"
    "memorysetup-temp-allocator-size-gfx=262144"
    "memorysetup-remapper-allocator-initial-capacity=32768"
    "memorysetup-temp-allocator-size-preload-manager=33554432"
    "memorysetup-allocator-temp-initial-block-size-main=262144"
    "memorysetup-allocator-temp-initial-block-size-worker=262144"
    "memorysetup-temp-allocator-size-job-worker=262144"
    "memorysetup-temp-allocator-size-background-worker=32768"
    "memorysetup-bucket-allocator-granularity=16"
    "memorysetup-bucket-allocator-bucket-count=8"
    "memorysetup-bucket-allocator-block-size=33554432"
    "memorysetup-bucket-allocator-block-count=8"
    "memorysetup-main-allocator-block-size=16777216"
    "memorysetup-thread-allocator-block-size=16777216"
    "memorysetup-main-allocator-mimalloc-enabled=1"
    "memorysetup-gfx-main-allocator-block-size=16777216"
    "memorysetup-gfx-thread-allocator-block-size=16777216"
    "memorysetup-cache-allocator-block-size=4194304"
    "memorysetup-typetree-allocator-block-size=2097152"
    "memorysetup-profiler-bucket-allocator-granularity=16"
    "memorysetup-profiler-bucket-allocator-bucket-count=8"
    "memorysetup-profiler-bucket-allocator-block-size=33554432"
    "memorysetup-profiler-bucket-allocator-block-count=8"
    "memorysetup-profiler-allocator-block-size=16777216"
    "memorysetup-profiler-editor-allocator-block-size=1048576"
    "memorysetup-temp-allocator-size-main=16777216"
    "memorysetup-job-temp-allocator-block-size=2097152"
    "memorysetup-job-temp-allocator-block-size-background=1048576"
    "memorysetup-job-temp-allocator-reduction-small-platforms=262144"
Player connection [19812]  Target information:

Player connection [19812]  * "[IP] 192.168.1.11 [Port] 0 [Flags] 2 [Guid] 3955977492 [EditorId] 3955977492 [Version] 1048832 [Id] WindowsEditor(7,DESKTOP-4ABCLUQ) [Debug] 1 [PackageName] WindowsEditor [ProjectName] Editor" 

Player connection [19812] Host joined multi-casting on [225.0.0.222:54997]...
Player connection [19812] Host joined alternative multi-casting on [225.0.0.222:34997]...
JobSystem: Creating JobQueue using job-worker-count value 7
Input System module state changed to: Initialized.
[Physics::Module] Initialized fallback backend.
[Physics::Module] Id: 0xdecafbad
Library Redirect Path: Library/
Initialising UDS system complete:
  - System type: Client
  - Resource namespace: f525778fb7c04b5fc495afa5dfbdfe8b
  - Shared memory size: 1073741824
  - Command buffer id: 1052576
  - Command buffer size: 8192
  - Hashmap size: 4194304
  - Service connected: true
  - Service working directory: Library/DataStore/
[Physics::Module] Selected backend.
[Physics::Module] Name: PhysX
[Physics::Module] Id: 0xf2b8ea05
[Physics::Module] SDK Version: 4.1.2
[Physics::Module] Integration Version: 1.0.0
[Physics::Module] Threading Mode: Multi-Threaded
Refreshing native plugins compatible for Editor in 13.65 ms, found 5 plugins.
Initialize engine version: 6000.6.0f1 (f7f8ed4d1e24)
[EntityIdStore] init: VM path (explicit commit), pageSize=4096, blockCount=1048576, entitiesPerBlock=256, slots reserved=4294967296 bytes
[Subsystems] Discovering subsystems at path D:/Unity/Hub/Editor/6000.6.0f1/Editor/Data/Resources/UnitySubsystems
[Subsystems] Discovering subsystems at path D:/Unity/Snake/Assets
Forcing GfxDevice: Direct3D 12
GfxDevice: creating device client; kGfxThreadingModeNonThreaded
d3d12: failed to query info queue interface (0x80004002).
Direct3D:
    Version:         Direct3D 12 [level 12.2]
    Renderer:        NVIDIA GeForce RTX 2060 (ID=0x1f08)
    Vendor:          NVIDIA
    VRAM:            5955 MB
    App VRAM Budget: 5187 MB
    Driver:          32.0.16.1692
Initialize mono
Mono path[0] = 'D:/Unity/Hub/Editor/6000.6.0f1/Editor/Data/Managed'
Mono path[1] = 'D:/Unity/Hub/Editor/6000.6.0f1/Editor/Data/BCLExtensions/runtime/netstandard2.1'
Mono path[2] = 'D:/Unity/Hub/Editor/6000.6.0f1/Editor/Data/MonoBleedingEdge/lib/mono/unityjit-win32'
Mono config path = 'D:/Unity/Hub/Editor/6000.6.0f1/Editor/Data/MonoBleedingEdge/etc'
Using monoOptions --debugger-agent=transport=dt_socket,embedding=1,server=y,suspend=n,address=127.0.0.1:56148
CodeReloadManager initialized
Begin MonoManager ReloadAssembly
Registering precompiled unity dll's ...
Register platform support module: D:/Unity/Hub/Editor/6000.6.0f1/Editor/Data/PlaybackEngines/WebGLSupport/UnityEditor.WebGL.Extensions.dll
Register platform support module: D:/Unity/Hub/Editor/6000.6.0f1/Editor/Data/PlaybackEngines/WindowsStandaloneSupport/UnityEditor.WindowsStandalone.Extensions.dll
Registered in 0.011326 seconds.
Native extension for WindowsStandalone target not found
Native extension for WebGL target not found
Package Manager log level set to [2]
[Package Manager] Failed to launch server process. Reason: Unity was launched with the -noUpm command-line argument
[Package Manager] Unable to send message (not connected to server process).
[Package Manager] Cannot connect to Unity Package Manager local server
ScheduleIndexationOnStartup MainProcess:False IndexOnStartup:True
Scripting: successfully reloaded assembly
- Finished resetting the current domain, in  1.357 seconds
Domain Reload Profiling: 3259ms
	BeginReloadAssembly (432ms)
	RebuildCommonClasses (17ms)
	RebuildNativeTypeToScriptingClass (60ms)
	initialDomainReloadingComplete (259ms)
	LoadAllAssembliesAndSetupDomain (1131ms)
		LoadAssemblies (409ms)
		TypeCache.Refresh (766ms)
			TypeCache.ScanAssembly (723ms)
		AnalyzeDomain (1ms)
	FinalizeReload (1360ms)
		SetupLoadedEditorAssemblies (0ms)
			LogAssemblyErrors (3ms)
			InitializePlatformSupportModulesInManaged (6ms)
			BeforeProcessingInitializeOnLoad (352ms)
			ProcessInitializeOnLoadAttributes (290ms)
			ProcessInitializeOnLoadMethodAttributes (447ms)
Initializing Unity extensions:
[Licensing::Client] Successfully resolved entitlement details
[Licensing::Module] License group:
  Id: 7972567108616-UnityPersXXXX
  Product: Unity Personal
  Type: Assigned
  Expiration: Unlimited
========================================================================
Worker process is ready to serve import requests
Import Worker Mode flag is 0x00
Begin MonoManager ReloadAssembly
'Packages/com.unity.render-pipelines.core/Editor/Deprecated.cs' contains partial class of Unity.Object, exactly 1 of the partial classes needs to be in a file with the same filename. This is to know the one that can be referenced from ie. GameObjects
'Packages/com.unity.render-pipelines.core/Editor/Deprecated.cs' contains partial class of Unity.Object, exactly 1 of the partial classes needs to be in a file with the same filename. This is to know the one that can be referenced from ie. GameObjects
Refreshing native plugins compatible for Editor in 8.50 ms, found 5 plugins.
Native extension for WindowsStandalone target not found
Native extension for WebGL target not found
[Package Manager] Failed to launch server process. Reason: Unity was launched with the -noUpm command-line argument
[Package Manager] Unable to send message (not connected to server process).
[Package Manager] Cannot connect to Unity Package Manager local server
[Package Manager] Failed to launch server process. Reason: Unity was launched with the -noUpm command-line argument
[Package Manager] Unable to send message (not connected to server process).
[Package Manager] Cannot connect to Unity Package Manager local server
ScheduleIndexationOnStartup MainProcess:False IndexOnStartup:True
Scripting: successfully reloaded assembly
- Finished resetting the current domain, in  2.502 seconds
Domain Reload Profiling: 6014ms
	BeginReloadAssembly (724ms)
		DisableScriptedObjects (25ms)
		CreateAndSetChildDomain (69ms)
	RebuildCommonClasses (23ms)
	RebuildNativeTypeToScriptingClass (63ms)
	initialDomainReloadingComplete (238ms)
	LoadAllAssembliesAndSetupDomain (2460ms)
		LoadAssemblies (1416ms)
		TypeCache.Refresh (643ms)
			TypeCache.ScanAssembly (599ms)
		AnalyzeDomain (224ms)
			BuildScriptInfoCaches (205ms)
			ResolveRequiredComponents (14ms)
	FinalizeReload (2504ms)
		SetupLoadedEditorAssemblies (0ms)
			LogAssemblyErrors (4ms)
			InitializePlatformSupportModulesInManaged (6ms)
			BeforeProcessingInitializeOnLoad (354ms)
			ProcessInitializeOnLoadAttributes (874ms)
			ProcessInitializeOnLoadMethodAttributes (679ms)
			AfterProcessingInitializeOnLoad (46ms)
			EditorAssembliesLoaded (3ms)
		AwakeInstancesAfterBackupRestoration (22ms)
AcceleratorClientConnectionCallback - disconnected - :0
Launched and connected shader compiler UnityShaderCompiler.exe after 0.02 seconds
Refreshing native plugins compatible for Editor in 10.13 ms, found 5 plugins.
Unloading 24 Unused Serialized files (Serialized files now loaded: 0)
Unloading 7514 unused Assets / (6.9 MB). Loaded Objects now: 8481.
Memory consumption went from 365.8 MB to 359.0 MB.
Total: 22.254500 ms (FindLiveObjects: 2.067200 ms CreateObjectMapping: 1.834300 ms MarkObjects: 13.474300 ms  DeleteObjects: 4.162900 ms)

========================================================================
Received Prepare
AcceleratorClientConnectionCallback - disconnected - :0
'Packages/com.unity.render-pipelines.core/Editor/Deprecated.cs' contains partial class of Unity.Object, exactly 1 of the partial classes needs to be in a file with the same filename. This is to know the one that can be referenced from ie. GameObjects
'Packages/com.unity.render-pipelines.core/Editor/Deprecated.cs' contains partial class of Unity.Object, exactly 1 of the partial classes needs to be in a file with the same filename. This is to know the one that can be referenced from ie. GameObjects
Refreshing native plugins compatible for Editor in 13.09 ms, found 5 plugins.
Unloading 24 Unused Serialized files (Serialized files now loaded: 0)
Unloading 7497 unused Assets / (6.5 MB). Loaded Objects now: 8481.
Memory consumption went from 363.3 MB to 356.8 MB.
Total: 32.081100 ms (FindLiveObjects: 2.805000 ms CreateObjectMapping: 2.635900 ms MarkObjects: 20.608700 ms  DeleteObjects: 5.079000 ms)

Prepare: number of updated asset objects reloaded= 0
========================================================================
Received Import Request.
  Time of request: 2026-09-09T18:25:44.9105806Z
  Time since last request: 1153174.49286830006167 seconds.
  importAddress: GUID: d690b05735dc44f478a1b89cd4a78edb - Path: Assets/Scripts/GameAssets.cs - Importer: ScriptedImporter/UnityEditor.QuickSearchModule:UnityEditor.Search:ASIAI0B
Importing 'GUID: d690b05735dc44f478a1b89cd4a78edb - Path: Assets/Scripts/GameAssets.cs - Importer: ScriptedImporter/UnityEditor.QuickSearchModule:UnityEditor.Search:ASIAI0B' with importer (ScriptedImporter : UnityEditor.QuickSearchModule:UnityEditor.Search:ASIAI0B)
Imported 'GUID: d690b05735dc44f478a1b89cd4a78edb' -> (Import Result ID: '82bf406e1e2f0a2ecc4a28a491d5fbc1') in 0.295 seconds [static and dynamic dependencies]. Details - ImportResultOutputID=bbbb5dc2013c209f0d547037b6cb387a DependenciesID=05f8907e59c34523382a64f514ac1468 StaticDependenciesID=befad9fccfd475ead70b7e12220e9e17 
Number of updated asset objects reloaded before import = 0
Number of asset objects unloaded after import = 0
========================================================================
Received Prepare
AcceleratorClientConnectionCallback - disconnected - :0
[Licensing::Client] Successfully resolved entitlement details
Begin MonoManager ReloadAssembly
'Packages/com.unity.render-pipelines.core/Editor/Deprecated.cs' contains partial class of Unity.Object, exactly 1 of the partial classes needs to be in a file with the same filename. This is to know the one that can be referenced from ie. GameObjects
'Packages/com.unity.render-pipelines.core/Editor/Deprecated.cs' contains partial class of Unity.Object, exactly 1 of the partial classes needs to be in a file with the same filename. This is to know the one that can be referenced from ie. GameObjects
Refreshing native plugins compatible for Editor in 11.13 ms, found 5 plugins.
Native extension for WindowsStandalone target not found
Native extension for WebGL target not found
[Package Manager] Failed to launch server process. Reason: Unity was launched with the -noUpm command-line argument
[Package Manager] Unable to send message (not connected to server process).
[Package Manager] Cannot connect to Unity Package Manager local server
[Package Manager] Failed to launch server process. Reason: Unity was launched with the -noUpm command-line argument
[Package Manager] Unable to send message (not connected to server process).
[Package Manager] Cannot connect to Unity Package Manager local server
ScheduleIndexationOnStartup MainProcess:False IndexOnStartup:True
Scripting: successfully reloaded assembly
- Finished resetting the current domain, in  3.286 seconds
Domain Reload Profiling: 10775ms
	BeginReloadAssembly (1283ms)
		DisableScriptedObjects (61ms)
		CreateAndSetChildDomain (173ms)
	RebuildCommonClasses (26ms)
	RebuildNativeTypeToScriptingClass (189ms)
	initialDomainReloadingComplete (219ms)
	LoadAllAssembliesAndSetupDomain (5768ms)
		LoadAssemblies (5098ms)
		TypeCache.Refresh (40ms)
		AnalyzeDomain (662ms)
			BuildScriptInfoCaches (643ms)
			ResolveRequiredComponents (14ms)
	FinalizeReload (3290ms)
		SetupLoadedEditorAssemblies (0ms)
			LogAssemblyErrors (4ms)
			InitializePlatformSupportModulesInManaged (10ms)
			BeforeProcessingInitializeOnLoad (565ms)
			ProcessInitializeOnLoadAttributes (1148ms)
			ProcessInitializeOnLoadMethodAttributes (445ms)
			AfterProcessingInitializeOnLoad (71ms)
			EditorAssembliesLoaded (10ms)
		AwakeInstancesAfterBackupRestoration (96ms)
Refreshing native plugins compatible for Editor in 13.53 ms, found 5 plugins.
Unloading 24 Unused Serialized files (Serialized files now loaded: 0)
Unloading 7512 unused Assets / (6.8 MB). Loaded Objects now: 8487.
Memory consumption went from 364.7 MB to 357.8 MB.
Total: 25.876400 ms (FindLiveObjects: 2.397100 ms CreateObjectMapping: 1.829100 ms MarkObjects: 15.691800 ms  DeleteObjects: 5.168700 ms)

Prepare: number of updated asset objects reloaded= 0
========================================================================
Received Prepare
AcceleratorClientConnectionCallback - disconnected - :0
'Packages/com.unity.render-pipelines.core/Editor/Deprecated.cs' contains partial class of Unity.Object, exactly 1 of the partial classes needs to be in a file with the same filename. This is to know the one that can be referenced from ie. GameObjects
'Packages/com.unity.render-pipelines.core/Editor/Deprecated.cs' contains partial class of Unity.Object, exactly 1 of the partial classes needs to be in a file with the same filename. This is to know the one that can be referenced from ie. GameObjects
Refreshing native plugins compatible for Editor in 17.16 ms, found 5 plugins.
Unloading 24 Unused Serialized files (Serialized files now loaded: 0)
Unloading 7497 unused Assets / (6.6 MB). Loaded Objects now: 8487.
Memory consumption went from 366.6 MB to 360.0 MB.
Total: 45.400600 ms (FindLiveObjects: 4.080900 ms CreateObjectMapping: 2.770300 ms MarkObjects: 29.669000 ms  DeleteObjects: 7.553500 ms)

Prepare: number of updated asset objects reloaded= 0
========================================================================
Received Prepare
AcceleratorClientConnectionCallback - disconnected - :0
[Licensing::Client] Successfully resolved entitlement details
Begin MonoManager ReloadAssembly
'Packages/com.unity.render-pipelines.core/Editor/Deprecated.cs' contains partial class of Unity.Object, exactly 1 of the partial classes needs to be in a file with the same filename. This is to know the one that can be referenced from ie. GameObjects
'Packages/com.unity.render-pipelines.core/Editor/Deprecated.cs' contains partial class of Unity.Object, exactly 1 of the partial classes needs to be in a file with the same filename. This is to know the one that can be referenced from ie. GameObjects
Refreshing native plugins compatible for Editor in 11.53 ms, found 5 plugins.
Native extension for WindowsStandalone target not found
Native extension for WebGL target not found
[Package Manager] Failed to launch server process. Reason: Unity was launched with the -noUpm command-line argument
[Package Manager] Unable to send message (not connected to server process).
[Package Manager] Cannot connect to Unity Package Manager local server
[Package Manager] Failed to launch server process. Reason: Unity was launched with the -noUpm command-line argument
[Package Manager] Unable to send message (not connected to server process).
[Package Manager] Cannot connect to Unity Package Manager local server
ScheduleIndexationOnStartup MainProcess:False IndexOnStartup:True
Scripting: successfully reloaded assembly
- Finished resetting the current domain, in  3.388 seconds
Domain Reload Profiling: 8650ms
	BeginReloadAssembly (1301ms)
		DisableScriptedObjects (88ms)
		CreateAndSetChildDomain (232ms)
	RebuildCommonClasses (32ms)
	RebuildNativeTypeToScriptingClass (69ms)
	initialDomainReloadingComplete (405ms)
	LoadAllAssembliesAndSetupDomain (3450ms)
		LoadAssemblies (2445ms)
		TypeCache.Refresh (44ms)
		AnalyzeDomain (807ms)
			BuildScriptInfoCaches (786ms)
			ResolveRequiredComponents (15ms)
	FinalizeReload (3393ms)
		SetupLoadedEditorAssemblies (0ms)
			LogAssemblyErrors (6ms)
			InitializePlatformSupportModulesInManaged (10ms)
			BeforeProcessingInitializeOnLoad (597ms)
			ProcessInitializeOnLoadAttributes (1171ms)
			ProcessInitializeOnLoadMethodAttributes (471ms)
			AfterProcessingInitializeOnLoad (75ms)
			EditorAssembliesLoaded (8ms)
		AwakeInstancesAfterBackupRestoration (102ms)
Refreshing native plugins compatible for Editor in 12.47 ms, found 5 plugins.
Unloading 24 Unused Serialized files (Serialized files now loaded: 0)
Unloading 7512 unused Assets / (6.4 MB). Loaded Objects now: 8490.
Memory consumption went from 372.6 MB to 366.2 MB.
Total: 27.415800 ms (FindLiveObjects: 2.670000 ms CreateObjectMapping: 1.651800 ms MarkObjects: 17.076300 ms  DeleteObjects: 5.098900 ms)

Prepare: number of updated asset objects reloaded= 0
========================================================================
Received Prepare
AcceleratorClientConnectionCallback - disconnected - :0
'Packages/com.unity.render-pipelines.core/Editor/Deprecated.cs' contains partial class of Unity.Object, exactly 1 of the partial classes needs to be in a file with the same filename. This is to know the one that can be referenced from ie. GameObjects
'Packages/com.unity.render-pipelines.core/Editor/Deprecated.cs' contains partial class of Unity.Object, exactly 1 of the partial classes needs to be in a file with the same filename. This is to know the one that can be referenced from ie. GameObjects
Refreshing native plugins compatible for Editor in 17.44 ms, found 5 plugins.
Unloading 24 Unused Serialized files (Serialized files now loaded: 0)
Unloading 7497 unused Assets / (5.6 MB). Loaded Objects now: 8490.
Memory consumption went from 374.5 MB to 368.9 MB.
Total: 46.951300 ms (FindLiveObjects: 3.640300 ms CreateObjectMapping: 2.312800 ms MarkObjects: 31.964800 ms  DeleteObjects: 7.722300 ms)

Prepare: number of updated asset objects reloaded= 0
========================================================================
Received Prepare
AcceleratorClientConnectionCallback - disconnected - :0
[Licensing::Client] Successfully resolved entitlement details
Begin MonoManager ReloadAssembly
'Packages/com.unity.render-pipelines.core/Editor/Deprecated.cs' contains partial class of Unity.Object, exactly 1 of the partial classes needs to be in a file with the same filename. This is to know the one that can be referenced from ie. GameObjects
'Packages/com.unity.render-pipelines.core/Editor/Deprecated.cs' contains partial class of Unity.Object, exactly 1 of the partial classes needs to be in a file with the same filename. This is to know the one that can be referenced from ie. GameObjects
Refreshing native plugins compatible for Editor in 8.32 ms, found 5 plugins.
Native extension for WindowsStandalone target not found
Native extension for WebGL target not found
[Package Manager] Failed to launch server process. Reason: Unity was launched with the -noUpm command-line argument
[Package Manager] Unable to send message (not connected to server process).
[Package Manager] Cannot connect to Unity Package Manager local server
[Package Manager] Failed to launch server process. Reason: Unity was launched with the -noUpm command-line argument
[Package Manager] Unable to send message (not connected to server process).
[Package Manager] Cannot connect to Unity Package Manager local server
ScheduleIndexationOnStartup MainProcess:False IndexOnStartup:True
Scripting: successfully reloaded assembly
- Finished resetting the current domain, in  2.869 seconds
Domain Reload Profiling: 7697ms
	BeginReloadAssembly (1253ms)
		DisableScriptedObjects (83ms)
		CreateAndSetChildDomain (206ms)
	RebuildCommonClasses (37ms)
	RebuildNativeTypeToScriptingClass (83ms)
	initialDomainReloadingComplete (420ms)
	LoadAllAssembliesAndSetupDomain (3031ms)
		LoadAssemblies (2149ms)
		TypeCache.Refresh (38ms)
		AnalyzeDomain (691ms)
			BuildScriptInfoCaches (671ms)
			ResolveRequiredComponents (15ms)
	FinalizeReload (2873ms)
		SetupLoadedEditorAssemblies (0ms)
			LogAssemblyErrors (6ms)
			InitializePlatformSupportModulesInManaged (9ms)
			BeforeProcessingInitializeOnLoad (485ms)
			ProcessInitializeOnLoadAttributes (1086ms)
			ProcessInitializeOnLoadMethodAttributes (298ms)
			AfterProcessingInitializeOnLoad (47ms)
			EditorAssembliesLoaded (5ms)
		AwakeInstancesAfterBackupRestoration (91ms)
Refreshing native plugins compatible for Editor in 16.22 ms, found 5 plugins.
Unloading 24 Unused Serialized files (Serialized files now loaded: 0)
Unloading 7512 unused Assets / (6.6 MB). Loaded Objects now: 8493.
Memory consumption went from 382.2 MB to 375.7 MB.
Total: 28.932700 ms (FindLiveObjects: 3.097100 ms CreateObjectMapping: 1.784900 ms MarkObjects: 17.732000 ms  DeleteObjects: 5.399000 ms)

Prepare: number of updated asset objects reloaded= 0
========================================================================
Received Prepare
AcceleratorClientConnectionCallback - disconnected - :0
'Packages/com.unity.render-pipelines.core/Editor/Deprecated.cs' contains partial class of Unity.Object, exactly 1 of the partial classes needs to be in a file with the same filename. This is to know the one that can be referenced from ie. GameObjects
'Packages/com.unity.render-pipelines.core/Editor/Deprecated.cs' contains partial class of Unity.Object, exactly 1 of the partial classes needs to be in a file with the same filename. This is to know the one that can be referenced from ie. GameObjects
Refreshing native plugins compatible for Editor in 10.65 ms, found 5 plugins.
Unloading 24 Unused Serialized files (Serialized files now loaded: 0)
Unloading 7497 unused Assets / (6.6 MB). Loaded Objects now: 8493.
Memory consumption went from 384.2 MB to 377.6 MB.
Total: 24.466200 ms (FindLiveObjects: 2.366100 ms CreateObjectMapping: 1.677700 ms MarkObjects: 15.429400 ms  DeleteObjects: 4.231800 ms)

Prepare: number of updated asset objects reloaded= 0
========================================================================
Received Prepare
AcceleratorClientConnectionCallback - disconnected - :0
[Licensing::Client] Successfully resolved entitlement details
Begin MonoManager ReloadAssembly
'Packages/com.unity.render-pipelines.core/Editor/Deprecated.cs' contains partial class of Unity.Object, exactly 1 of the partial classes needs to be in a file with the same filename. This is to know the one that can be referenced from ie. GameObjects
'Packages/com.unity.render-pipelines.core/Editor/Deprecated.cs' contains partial class of Unity.Object, exactly 1 of the partial classes needs to be in a file with the same filename. This is to know the one that can be referenced from ie. GameObjects
Refreshing native plugins compatible for Editor in 14.90 ms, found 5 plugins.
Native extension for WindowsStandalone target not found
Native extension for WebGL target not found
[Package Manager] Failed to launch server process. Reason: Unity was launched with the -noUpm command-line argument
[Package Manager] Unable to send message (not connected to server process).
[Package Manager] Cannot connect to Unity Package Manager local server
[Package Manager] Failed to launch server process. Reason: Unity was launched with the -noUpm command-line argument
[Package Manager] Unable to send message (not connected to server process).
[Package Manager] Cannot connect to Unity Package Manager local server
ScheduleIndexationOnStartup MainProcess:False IndexOnStartup:True
Scripting: successfully reloaded assembly
- Finished resetting the current domain, in  3.556 seconds
Domain Reload Profiling: 9361ms
	BeginReloadAssembly (1423ms)
		DisableScriptedObjects (75ms)
		CreateAndSetChildDomain (235ms)
	RebuildCommonClasses (36ms)
	RebuildNativeTypeToScriptingClass (87ms)
	initialDomainReloadingComplete (517ms)
	LoadAllAssembliesAndSetupDomain (3738ms)
		LoadAssemblies (2371ms)
		TypeCache.Refresh (48ms)
		AnalyzeDomain (960ms)
			BuildScriptInfoCaches (932ms)
			ResolveRequiredComponents (22ms)
	FinalizeReload (3560ms)
		SetupLoadedEditorAssemblies (0ms)
			LogAssemblyErrors (19ms)
			InitializePlatformSupportModulesInManaged (10ms)
			BeforeProcessingInitializeOnLoad (558ms)
			ProcessInitializeOnLoadAttributes (1300ms)
			ProcessInitializeOnLoadMethodAttributes (488ms)
			AfterProcessingInitializeOnLoad (73ms)
			EditorAssembliesLoaded (7ms)
		AwakeInstancesAfterBackupRestoration (95ms)
Refreshing native plugins compatible for Editor in 15.40 ms, found 5 plugins.
Unloading 24 Unused Serialized files (Serialized files now loaded: 0)
Unloading 7512 unused Assets / (6.5 MB). Loaded Objects now: 8496.
Memory consumption went from 389.2 MB to 382.7 MB.
Total: 30.761000 ms (FindLiveObjects: 3.439500 ms CreateObjectMapping: 2.197700 ms MarkObjects: 18.339300 ms  DeleteObjects: 5.778500 ms)

Prepare: number of updated asset objects reloaded= 0
========================================================================
Received Prepare
AcceleratorClientConnectionCallback - disconnected - :0
'Packages/com.unity.render-pipelines.core/Editor/Deprecated.cs' contains partial class of Unity.Object, exactly 1 of the partial classes needs to be in a file with the same filename. This is to know the one that can be referenced from ie. GameObjects
'Packages/com.unity.render-pipelines.core/Editor/Deprecated.cs' contains partial class of Unity.Object, exactly 1 of the partial classes needs to be in a file with the same filename. This is to know the one that can be referenced from ie. GameObjects
Refreshing native plugins compatible for Editor in 15.27 ms, found 5 plugins.
Unloading 24 Unused Serialized files (Serialized files now loaded: 0)
Unloading 7497 unused Assets / (7.7 MB). Loaded Objects now: 8496.
Memory consumption went from 391.2 MB to 383.4 MB.
Total: 41.322500 ms (FindLiveObjects: 3.193100 ms CreateObjectMapping: 2.049500 ms MarkObjects: 26.708100 ms  DeleteObjects: 8.240700 ms)

Prepare: number of updated asset objects reloaded= 0
========================================================================
Received Prepare
AcceleratorClientConnectionCallback - disconnected - :0
[Licensing::Client] Successfully resolved entitlement details
Begin MonoManager ReloadAssembly
'Packages/com.unity.render-pipelines.core/Editor/Deprecated.cs' contains partial class of Unity.Object, exactly 1 of the partial classes needs to be in a file with the same filename. This is to know the one that can be referenced from ie. GameObjects
'Packages/com.unity.render-pipelines.core/Editor/Deprecated.cs' contains partial class of Unity.Object, exactly 1 of the partial classes needs to be in a file with the same filename. This is to know the one that can be referenced from ie. GameObjects
Refreshing native plugins compatible for Editor in 10.37 ms, found 5 plugins.
Native extension for WindowsStandalone target not found
Native extension for WebGL target not found
[Package Manager] Failed to launch server process. Reason: Unity was launched with the -noUpm command-line argument
[Package Manager] Unable to send message (not connected to server process).
[Package Manager] Cannot connect to Unity Package Manager local server
[Package Manager] Failed to launch server process. Reason: Unity was launched with the -noUpm command-line argument
[Package Manager] Unable to send message (not connected to server process).
[Package Manager] Cannot connect to Unity Package Manager local server
ScheduleIndexationOnStartup MainProcess:False IndexOnStartup:True
Scripting: successfully reloaded assembly
- Finished resetting the current domain, in  2.438 seconds
Domain Reload Profiling: 6746ms
	BeginReloadAssembly (1220ms)
		DisableScriptedObjects (89ms)
		CreateAndSetChildDomain (211ms)
	RebuildCommonClasses (32ms)
	RebuildNativeTypeToScriptingClass (60ms)
	initialDomainReloadingComplete (345ms)
	LoadAllAssembliesAndSetupDomain (2649ms)
		LoadAssemblies (1830ms)
		TypeCache.Refresh (34ms)
		AnalyzeDomain (623ms)
			BuildScriptInfoCaches (601ms)
			ResolveRequiredComponents (17ms)
	FinalizeReload (2440ms)
		SetupLoadedEditorAssemblies (0ms)
			LogAssemblyErrors (6ms)
			InitializePlatformSupportModulesInManaged (7ms)
			BeforeProcessingInitializeOnLoad (428ms)
			ProcessInitializeOnLoadAttributes (888ms)
			ProcessInitializeOnLoadMethodAttributes (289ms)
			AfterProcessingInitializeOnLoad (47ms)
			EditorAssembliesLoaded (5ms)
		AwakeInstancesAfterBackupRestoration (65ms)
Refreshing native plugins compatible for Editor in 11.88 ms, found 5 plugins.
Unloading 24 Unused Serialized files (Serialized files now loaded: 0)
Unloading 7512 unused Assets / (6.6 MB). Loaded Objects now: 8499.
Memory consumption went from 396.9 MB to 390.3 MB.
Total: 26.041800 ms (FindLiveObjects: 2.981300 ms CreateObjectMapping: 1.710500 ms MarkObjects: 15.681800 ms  DeleteObjects: 4.869600 ms)

Prepare: number of updated asset objects reloaded= 0
========================================================================
Received Prepare
AcceleratorClientConnectionCallback - disconnected - :0
'Packages/com.unity.render-pipelines.core/Editor/Deprecated.cs' contains partial class of Unity.Object, exactly 1 of the partial classes needs to be in a file with the same filename. This is to know the one that can be referenced from ie. GameObjects
'Packages/com.unity.render-pipelines.core/Editor/Deprecated.cs' contains partial class of Unity.Object, exactly 1 of the partial classes needs to be in a file with the same filename. This is to know the one that can be referenced from ie. GameObjects
Refreshing native plugins compatible for Editor in 8.94 ms, found 5 plugins.
Unloading 24 Unused Serialized files (Serialized files now loaded: 0)
Unloading 7497 unused Assets / (6.5 MB). Loaded Objects now: 8499.
Memory consumption went from 398.8 MB to 392.4 MB.
Total: 21.874800 ms (FindLiveObjects: 2.437300 ms CreateObjectMapping: 1.216800 ms MarkObjects: 14.052800 ms  DeleteObjects: 3.522200 ms)

Prepare: number of updated asset objects reloaded= 0
========================================================================
Received Prepare
AcceleratorClientConnectionCallback - disconnected - :0
[Licensing::Client] Successfully resolved entitlement details
Begin MonoManager ReloadAssembly
'Packages/com.unity.render-pipelines.core/Editor/Deprecated.cs' contains partial class of Unity.Object, exactly 1 of the partial classes needs to be in a file with the same filename. This is to know the one that can be referenced from ie. GameObjects
'Packages/com.unity.render-pipelines.core/Editor/Deprecated.cs' contains partial class of Unity.Object, exactly 1 of the partial classes needs to be in a file with the same filename. This is to know the one that can be referenced from ie. GameObjects
Refreshing native plugins compatible for Editor in 7.57 ms, found 5 plugins.
Native extension for WindowsStandalone target not found
Native extension for WebGL target not found
[Package Manager] Failed to launch server process. Reason: Unity was launched with the -noUpm command-line argument
[Package Manager] Unable to send message (not connected to server process).
[Package Manager] Cannot connect to Unity Package Manager local server
[Package Manager] Failed to launch server process. Reason: Unity was launched with the -noUpm command-line argument
[Package Manager] Unable to send message (not connected to server process).
[Package Manager] Cannot connect to Unity Package Manager local server
ScheduleIndexationOnStartup MainProcess:False IndexOnStartup:True
Scripting: successfully reloaded assembly
- Finished resetting the current domain, in  2.141 seconds
Domain Reload Profiling: 5513ms
	BeginReloadAssembly (833ms)
		DisableScriptedObjects (49ms)
		CreateAndSetChildDomain (141ms)
	RebuildCommonClasses (34ms)
	RebuildNativeTypeToScriptingClass (67ms)
	initialDomainReloadingComplete (262ms)
	LoadAllAssembliesAndSetupDomain (2173ms)
		LoadAssemblies (1465ms)
		TypeCache.Refresh (28ms)
		AnalyzeDomain (554ms)
			BuildScriptInfoCaches (535ms)
			ResolveRequiredComponents (14ms)
	FinalizeReload (2144ms)
		SetupLoadedEditorAssemblies (0ms)
			LogAssemblyErrors (8ms)
			InitializePlatformSupportModulesInManaged (6ms)
			BeforeProcessingInitializeOnLoad (317ms)
			ProcessInitializeOnLoadAttributes (833ms)
			ProcessInitializeOnLoadMethodAttributes (248ms)
			AfterProcessingInitializeOnLoad (41ms)
			EditorAssembliesLoaded (4ms)
		AwakeInstancesAfterBackupRestoration (57ms)
Refreshing native plugins compatible for Editor in 7.53 ms, found 5 plugins.
Unloading 24 Unused Serialized files (Serialized files now loaded: 0)
Unloading 7512 unused Assets / (6.4 MB). Loaded Objects now: 8502.
Memory consumption went from 403.9 MB to 397.5 MB.
Total: 18.895900 ms (FindLiveObjects: 2.147300 ms CreateObjectMapping: 1.123700 ms MarkObjects: 11.433200 ms  DeleteObjects: 3.553400 ms)

Prepare: number of updated asset objects reloaded= 0
========================================================================
Received Prepare
AcceleratorClientConnectionCallback - disconnected - :0
'Packages/com.unity.render-pipelines.core/Editor/Deprecated.cs' contains partial class of Unity.Object, exactly 1 of the partial classes needs to be in a file with the same filename. This is to know the one that can be referenced from ie. GameObjects
'Packages/com.unity.render-pipelines.core/Editor/Deprecated.cs' contains partial class of Unity.Object, exactly 1 of the partial classes needs to be in a file with the same filename. This is to know the one that can be referenced from ie. GameObjects
Refreshing native plugins compatible for Editor in 12.05 ms, found 5 plugins.
Unloading 24 Unused Serialized files (Serialized files now loaded: 0)
Unloading 7497 unused Assets / (6.4 MB). Loaded Objects now: 8502.
Memory consumption went from 405.9 MB to 399.5 MB.
Total: 28.986800 ms (FindLiveObjects: 3.163300 ms CreateObjectMapping: 1.617900 ms MarkObjects: 18.208400 ms  DeleteObjects: 5.103600 ms)

Prepare: number of updated asset objects reloaded= 0
========================================================================
Received Prepare
AcceleratorClientConnectionCallback - disconnected - :0
[Licensing::Client] Successfully resolved entitlement details
Begin MonoManager ReloadAssembly
'Packages/com.unity.render-pipelines.core/Editor/Deprecated.cs' contains partial class of Unity.Object, exactly 1 of the partial classes needs to be in a file with the same filename. This is to know the one that can be referenced from ie. GameObjects
'Packages/com.unity.render-pipelines.core/Editor/Deprecated.cs' contains partial class of Unity.Object, exactly 1 of the partial classes needs to be in a file with the same filename. This is to know the one that can be referenced from ie. GameObjects
Refreshing native plugins compatible for Editor in 10.08 ms, found 5 plugins.
Native extension for WindowsStandalone target not found
Native extension for WebGL target not found
[Package Manager] Failed to launch server process. Reason: Unity was launched with the -noUpm command-line argument
[Package Manager] Unable to send message (not connected to server process).
[Package Manager] Cannot connect to Unity Package Manager local server
[Package Manager] Failed to launch server process. Reason: Unity was launched with the -noUpm command-line argument
[Package Manager] Unable to send message (not connected to server process).
[Package Manager] Cannot connect to Unity Package Manager local server
ScheduleIndexationOnStartup MainProcess:False IndexOnStartup:True
Scripting: successfully reloaded assembly
- Finished resetting the current domain, in  2.805 seconds
Domain Reload Profiling: 6948ms
	BeginReloadAssembly (1100ms)
		DisableScriptedObjects (64ms)
		CreateAndSetChildDomain (170ms)
	RebuildCommonClasses (33ms)
	RebuildNativeTypeToScriptingClass (64ms)
	initialDomainReloadingComplete (276ms)
	LoadAllAssembliesAndSetupDomain (2665ms)
		LoadAssemblies (1741ms)
		TypeCache.Refresh (31ms)
		AnalyzeDomain (718ms)
			BuildScriptInfoCaches (683ms)
			ResolveRequiredComponents (26ms)
	FinalizeReload (2810ms)
		SetupLoadedEditorAssemblies (0ms)
			LogAssemblyErrors (4ms)
			InitializePlatformSupportModulesInManaged (9ms)
			BeforeProcessingInitializeOnLoad (412ms)
			ProcessInitializeOnLoadAttributes (1070ms)
			ProcessInitializeOnLoadMethodAttributes (410ms)
			AfterProcessingInitializeOnLoad (66ms)
			EditorAssembliesLoaded (7ms)
		AwakeInstancesAfterBackupRestoration (93ms)
Refreshing native plugins compatible for Editor in 13.17 ms, found 5 plugins.
Unloading 24 Unused Serialized files (Serialized files now loaded: 0)
Unloading 7512 unused Assets / (6.6 MB). Loaded Objects now: 8505.
Memory consumption went from 411.4 MB to 404.8 MB.
Total: 29.244300 ms (FindLiveObjects: 2.404200 ms CreateObjectMapping: 1.939200 ms MarkObjects: 19.018700 ms  DeleteObjects: 5.016900 ms)

Prepare: number of updated asset objects reloaded= 0
========================================================================
Received Prepare
AcceleratorClientConnectionCallback - disconnected - :0
'Packages/com.unity.render-pipelines.core/Editor/Deprecated.cs' contains partial class of Unity.Object, exactly 1 of the partial classes needs to be in a file with the same filename. This is to know the one that can be referenced from ie. GameObjects
'Packages/com.unity.render-pipelines.core/Editor/Deprecated.cs' contains partial class of Unity.Object, exactly 1 of the partial classes needs to be in a file with the same filename. This is to know the one that can be referenced from ie. GameObjects
Refreshing native plugins compatible for Editor in 11.04 ms, found 5 plugins.
Unloading 24 Unused Serialized files (Serialized files now loaded: 0)
Unloading 7497 unused Assets / (6.3 MB). Loaded Objects now: 8505.
Memory consumption went from 413.4 MB to 407.0 MB.
Total: 25.143500 ms (FindLiveObjects: 2.438000 ms CreateObjectMapping: 1.424000 ms MarkObjects: 16.347400 ms  DeleteObjects: 4.169600 ms)

Prepare: number of updated asset objects reloaded= 0
========================================================================
Received Prepare
AcceleratorClientConnectionCallback - disconnected - :0
[Licensing::Client] Successfully resolved entitlement details
Begin MonoManager ReloadAssembly
'Packages/com.unity.render-pipelines.core/Editor/Deprecated.cs' contains partial class of Unity.Object, exactly 1 of the partial classes needs to be in a file with the same filename. This is to know the one that can be referenced from ie. GameObjects
'Packages/com.unity.render-pipelines.core/Editor/Deprecated.cs' contains partial class of Unity.Object, exactly 1 of the partial classes needs to be in a file with the same filename. This is to know the one that can be referenced from ie. GameObjects
Refreshing native plugins compatible for Editor in 8.14 ms, found 5 plugins.
Native extension for WindowsStandalone target not found
Native extension for WebGL target not found
[Package Manager] Failed to launch server process. Reason: Unity was launched with the -noUpm command-line argument
[Package Manager] Unable to send message (not connected to server process).
[Package Manager] Cannot connect to Unity Package Manager local server
[Package Manager] Failed to launch server process. Reason: Unity was launched with the -noUpm command-line argument
[Package Manager] Unable to send message (not connected to server process).
[Package Manager] Cannot connect to Unity Package Manager local server
ScheduleIndexationOnStartup MainProcess:False IndexOnStartup:True
Scripting: successfully reloaded assembly
- Finished resetting the current domain, in  2.531 seconds
Domain Reload Profiling: 6426ms
	BeginReloadAssembly (1008ms)
		DisableScriptedObjects (54ms)
		CreateAndSetChildDomain (186ms)
	RebuildCommonClasses (32ms)
	RebuildNativeTypeToScriptingClass (68ms)
	initialDomainReloadingComplete (316ms)
	LoadAllAssembliesAndSetupDomain (2468ms)
		LoadAssemblies (1708ms)
		TypeCache.Refresh (27ms)
		AnalyzeDomain (655ms)
			BuildScriptInfoCaches (637ms)
			ResolveRequiredComponents (13ms)
	FinalizeReload (2534ms)
		SetupLoadedEditorAssemblies (0ms)
			LogAssemblyErrors (5ms)
			InitializePlatformSupportModulesInManaged (5ms)
			BeforeProcessingInitializeOnLoad (432ms)
			ProcessInitializeOnLoadAttributes (1028ms)
			ProcessInitializeOnLoadMethodAttributes (342ms)
			AfterProcessingInitializeOnLoad (48ms)
			EditorAssembliesLoaded (5ms)
		AwakeInstancesAfterBackupRestoration (84ms)
Refreshing native plugins compatible for Editor in 12.53 ms, found 5 plugins.
Unloading 24 Unused Serialized files (Serialized files now loaded: 0)
Unloading 7512 unused Assets / (6.3 MB). Loaded Objects now: 8508.
Memory consumption went from 417.8 MB to 411.6 MB.
Total: 24.244000 ms (FindLiveObjects: 2.418600 ms CreateObjectMapping: 1.509000 ms MarkObjects: 14.581900 ms  DeleteObjects: 4.864600 ms)

Prepare: number of updated asset objects reloaded= 0
========================================================================
Received Prepare
AcceleratorClientConnectionCallback - disconnected - :0
'Packages/com.unity.render-pipelines.core/Editor/Deprecated.cs' contains partial class of Unity.Object, exactly 1 of the partial classes needs to be in a file with the same filename. This is to know the one that can be referenced from ie. GameObjects
'Packages/com.unity.render-pipelines.core/Editor/Deprecated.cs' contains partial class of Unity.Object, exactly 1 of the partial classes needs to be in a file with the same filename. This is to know the one that can be referenced from ie. GameObjects
Refreshing native plugins compatible for Editor in 12.18 ms, found 5 plugins.
Unloading 24 Unused Serialized files (Serialized files now loaded: 0)
Unloading 7497 unused Assets / (6.8 MB). Loaded Objects now: 8508.
Memory consumption went from 419.8 MB to 413.0 MB.
Total: 26.166800 ms (FindLiveObjects: 2.478700 ms CreateObjectMapping: 1.991100 ms MarkObjects: 15.973000 ms  DeleteObjects: 4.865300 ms)

Prepare: number of updated asset objects reloaded= 0
========================================================================
Received Prepare
AcceleratorClientConnectionCallback - disconnected - :0
[Licensing::Client] Successfully resolved entitlement details
Begin MonoManager ReloadAssembly
'Packages/com.unity.render-pipelines.core/Editor/Deprecated.cs' contains partial class of Unity.Object, exactly 1 of the partial classes needs to be in a file with the same filename. This is to know the one that can be referenced from ie. GameObjects
'Packages/com.unity.render-pipelines.core/Editor/Deprecated.cs' contains partial class of Unity.Object, exactly 1 of the partial classes needs to be in a file with the same filename. This is to know the one that can be referenced from ie. GameObjects
Refreshing native plugins compatible for Editor in 10.39 ms, found 5 plugins.
Native extension for WindowsStandalone target not found
Native extension for WebGL target not found
[Package Manager] Failed to launch server process. Reason: Unity was launched with the -noUpm command-line argument
[Package Manager] Unable to send message (not connected to server process).
[Package Manager] Cannot connect to Unity Package Manager local server
[Package Manager] Failed to launch server process. Reason: Unity was launched with the -noUpm command-line argument
[Package Manager] Unable to send message (not connected to server process).
[Package Manager] Cannot connect to Unity Package Manager local server
ScheduleIndexationOnStartup MainProcess:False IndexOnStartup:True
Scripting: successfully reloaded assembly
- Finished resetting the current domain, in  2.669 seconds
Domain Reload Profiling: 7640ms
	BeginReloadAssembly (1256ms)
		DisableScriptedObjects (84ms)
		CreateAndSetChildDomain (214ms)
	RebuildCommonClasses (41ms)
	RebuildNativeTypeToScriptingClass (79ms)
	initialDomainReloadingComplete (413ms)
	LoadAllAssembliesAndSetupDomain (3179ms)
		LoadAssemblies (2188ms)
		TypeCache.Refresh (32ms)
		AnalyzeDomain (770ms)
			BuildScriptInfoCaches (747ms)
			ResolveRequiredComponents (18ms)
	FinalizeReload (2672ms)
		SetupLoadedEditorAssemblies (0ms)
			LogAssemblyErrors (6ms)
			InitializePlatformSupportModulesInManaged (7ms)
			BeforeProcessingInitializeOnLoad (434ms)
			ProcessInitializeOnLoadAttributes (1008ms)
			ProcessInitializeOnLoadMethodAttributes (311ms)
			AfterProcessingInitializeOnLoad (50ms)
			EditorAssembliesLoaded (5ms)
		AwakeInstancesAfterBackupRestoration (74ms)
Refreshing native plugins compatible for Editor in 11.57 ms, found 5 plugins.
Unloading 24 Unused Serialized files (Serialized files now loaded: 0)
Unloading 7512 unused Assets / (6.4 MB). Loaded Objects now: 8511.
Memory consumption went from 424.5 MB to 418.1 MB.
Total: 25.354400 ms (FindLiveObjects: 2.746700 ms CreateObjectMapping: 1.462200 ms MarkObjects: 15.392600 ms  DeleteObjects: 4.950200 ms)

Prepare: number of updated asset objects reloaded= 0
========================================================================
Received Import Request.
  Time of request: 2026-09-09T21:18:49.6671543Z
  Time since last request: 10387.75944850000087 seconds.
  importAddress: GUID: bc05be48e857eff47b5ce2c90e72408b - Path: Assets/Scripts/LevelGrid.cs - Importer: ScriptedImporter/UnityEditor.QuickSearchModule:UnityEditor.Search:ASIAI0B
Importing 'GUID: bc05be48e857eff47b5ce2c90e72408b - Path: Assets/Scripts/LevelGrid.cs - Importer: ScriptedImporter/UnityEditor.QuickSearchModule:UnityEditor.Search:ASIAI0B' with importer (ScriptedImporter : UnityEditor.QuickSearchModule:UnityEditor.Search:ASIAI0B)
Imported 'GUID: bc05be48e857eff47b5ce2c90e72408b' -> (Import Result ID: '0ed4e5e94614be199c9d337886642139') in 0.262 seconds [static and dynamic dependencies]. Details - ImportResultOutputID=164ce691a87c5ceaee9ad0cf8945f0ae DependenciesID=3be549f954170ad45855a5835e8cf40b StaticDependenciesID=9986f3b9526985404395045782f9fe22 
Number of updated asset objects reloaded before import = 0
Number of asset objects unloaded after import = 0
========================================================================
Received Prepare
AcceleratorClientConnectionCallback - disconnected - :0
'Packages/com.unity.render-pipelines.core/Editor/Deprecated.cs' contains partial class of Unity.Object, exactly 1 of the partial classes needs to be in a file with the same filename. This is to know the one that can be referenced from ie. GameObjects
'Packages/com.unity.render-pipelines.core/Editor/Deprecated.cs' contains partial class of Unity.Object, exactly 1 of the partial classes needs to be in a file with the same filename. This is to know the one that can be referenced from ie. GameObjects
Refreshing native plugins compatible for Editor in 14.77 ms, found 5 plugins.
Unloading 24 Unused Serialized files (Serialized files now loaded: 0)
Unloading 7498 unused Assets / (6.6 MB). Loaded Objects now: 8512.
Memory consumption went from 426.1 MB to 419.5 MB.
Total: 36.509900 ms (FindLiveObjects: 3.221800 ms CreateObjectMapping: 2.038900 ms MarkObjects: 23.252700 ms  DeleteObjects: 6.840200 ms)

Prepare: number of updated asset objects reloaded= 0
========================================================================
Received Prepare
AcceleratorClientConnectionCallback - disconnected - :0
[Licensing::Client] Successfully resolved entitlement details
Begin MonoManager ReloadAssembly
'Packages/com.unity.render-pipelines.core/Editor/Deprecated.cs' contains partial class of Unity.Object, exactly 1 of the partial classes needs to be in a file with the same filename. This is to know the one that can be referenced from ie. GameObjects
'Packages/com.unity.render-pipelines.core/Editor/Deprecated.cs' contains partial class of Unity.Object, exactly 1 of the partial classes needs to be in a file with the same filename. This is to know the one that can be referenced from ie. GameObjects
Refreshing native plugins compatible for Editor in 11.91 ms, found 5 plugins.
Native extension for WindowsStandalone target not found
Native extension for WebGL target not found
[Package Manager] Failed to launch server process. Reason: Unity was launched with the -noUpm command-line argument
[Package Manager] Unable to send message (not connected to server process).
[Package Manager] Cannot connect to Unity Package Manager local server
[Package Manager] Failed to launch server process. Reason: Unity was launched with the -noUpm command-line argument
[Package Manager] Unable to send message (not connected to server process).
[Package Manager] Cannot connect to Unity Package Manager local server
ScheduleIndexationOnStartup MainProcess:False IndexOnStartup:True
Scripting: successfully reloaded assembly
- Finished resetting the current domain, in  3.335 seconds
Domain Reload Profiling: 8506ms
	BeginReloadAssembly (1213ms)
		DisableScriptedObjects (68ms)
		CreateAndSetChildDomain (196ms)
	RebuildCommonClasses (44ms)
	RebuildNativeTypeToScriptingClass (86ms)
	initialDomainReloadingComplete (361ms)
	LoadAllAssembliesAndSetupDomain (3463ms)
		LoadAssemblies (2324ms)
		TypeCache.Refresh (39ms)
		AnalyzeDomain (917ms)
			BuildScriptInfoCaches (887ms)
			ResolveRequiredComponents (23ms)
	FinalizeReload (3339ms)
		SetupLoadedEditorAssemblies (0ms)
			LogAssemblyErrors (6ms)
			InitializePlatformSupportModulesInManaged (8ms)
			BeforeProcessingInitializeOnLoad (589ms)
			ProcessInitializeOnLoadAttributes (1154ms)
			ProcessInitializeOnLoadMethodAttributes (439ms)
			AfterProcessingInitializeOnLoad (68ms)
			EditorAssembliesLoaded (8ms)
		AwakeInstancesAfterBackupRestoration (97ms)
Refreshing native plugins compatible for Editor in 14.59 ms, found 5 plugins.
Unloading 24 Unused Serialized files (Serialized files now loaded: 0)
Unloading 7513 unused Assets / (6.3 MB). Loaded Objects now: 8515.
Memory consumption went from 430.2 MB to 423.9 MB.
Total: 32.613300 ms (FindLiveObjects: 3.049400 ms CreateObjectMapping: 2.391100 ms MarkObjects: 20.763500 ms  DeleteObjects: 5.366700 ms)

Prepare: number of updated asset objects reloaded= 0
========================================================================
Received Prepare
AcceleratorClientConnectionCallback - disconnected - :0
'Packages/com.unity.render-pipelines.core/Editor/Deprecated.cs' contains partial class of Unity.Object, exactly 1 of the partial classes needs to be in a file with the same filename. This is to know the one that can be referenced from ie. GameObjects
'Packages/com.unity.render-pipelines.core/Editor/Deprecated.cs' contains partial class of Unity.Object, exactly 1 of the partial classes needs to be in a file with the same filename. This is to know the one that can be referenced from ie. GameObjects
Refreshing native plugins compatible for Editor in 15.07 ms, found 5 plugins.
Unloading 24 Unused Serialized files (Serialized files now loaded: 0)
Unloading 7498 unused Assets / (6.1 MB). Loaded Objects now: 8515.
Memory consumption went from 432.2 MB to 426.0 MB.
Total: 35.624800 ms (FindLiveObjects: 3.547300 ms CreateObjectMapping: 2.420200 ms MarkObjects: 22.124000 ms  DeleteObjects: 5.932700 ms)

Prepare: number of updated asset objects reloaded= 0
========================================================================
Received Import Request.
  Time of request: 2026-09-09T21:20:07.9568975Z
  Time since last request: 77.9794469 seconds.
  importAddress: GUID: 7705a2b4fc7a4f6488119a1ca8ae873c - Path: Assets/Scripts/ScoreWindow.cs - Importer: PreviewImporter
Importing 'GUID: 7705a2b4fc7a4f6488119a1ca8ae873c - Path: Assets/Scripts/ScoreWindow.cs - Importer: PreviewImporter' with importer (PreviewImporter)
Imported 'GUID: 7705a2b4fc7a4f6488119a1ca8ae873c' -> (Import Result ID: '1a22615a5126d615da3a5f676becca68') in 0.038 seconds [static and dynamic dependencies]. Details - ImportResultOutputID=3d9b8957d7d29e15c5f258933078381c DependenciesID=1205ad80ed1bf0316e20f44a1c3d5209 StaticDependenciesID=5c561050cef3f6c1e11ce9ea03d64655 
Number of updated asset objects reloaded before import = 0
Number of asset objects unloaded after import = 0
========================================================================
Received Prepare
AcceleratorClientConnectionCallback - disconnected - :0
Begin MonoManager ReloadAssembly
'Packages/com.unity.render-pipelines.core/Editor/Deprecated.cs' contains partial class of Unity.Object, exactly 1 of the partial classes needs to be in a file with the same filename. This is to know the one that can be referenced from ie. GameObjects
'Packages/com.unity.render-pipelines.core/Editor/Deprecated.cs' contains partial class of Unity.Object, exactly 1 of the partial classes needs to be in a file with the same filename. This is to know the one that can be referenced from ie. GameObjects
Refreshing native plugins compatible for Editor in 11.88 ms, found 5 plugins.
Native extension for WindowsStandalone target not found
Native extension for WebGL target not found
[Package Manager] Failed to launch server process. Reason: Unity was launched with the -noUpm command-line argument
[Package Manager] Unable to send message (not connected to server process).
[Package Manager] Cannot connect to Unity Package Manager local server
[Package Manager] Failed to launch server process. Reason: Unity was launched with the -noUpm command-line argument
[Package Manager] Unable to send message (not connected to server process).
[Package Manager] Cannot connect to Unity Package Manager local server
ScheduleIndexationOnStartup MainProcess:False IndexOnStartup:True
Scripting: successfully reloaded assembly
- Finished resetting the current domain, in  3.296 seconds
Domain Reload Profiling: 8698ms
	BeginReloadAssembly (1355ms)
		DisableScriptedObjects (79ms)
		CreateAndSetChildDomain (207ms)
	RebuildCommonClasses (47ms)
	RebuildNativeTypeToScriptingClass (89ms)
	initialDomainReloadingComplete (402ms)
	LoadAllAssembliesAndSetupDomain (3505ms)
		LoadAssemblies (2229ms)
		TypeCache.Refresh (46ms)
		AnalyzeDomain (952ms)
			BuildScriptInfoCaches (925ms)
			ResolveRequiredComponents (20ms)
	FinalizeReload (3300ms)
		SetupLoadedEditorAssemblies (0ms)
			LogAssemblyErrors (7ms)
			InitializePlatformSupportModulesInManaged (9ms)
			BeforeProcessingInitializeOnLoad (535ms)
			ProcessInitializeOnLoadAttributes (1156ms)
			ProcessInitializeOnLoadMethodAttributes (456ms)
			AfterProcessingInitializeOnLoad (78ms)
			EditorAssembliesLoaded (8ms)
		AwakeInstancesAfterBackupRestoration (110ms)
Refreshing native plugins compatible for Editor in 13.29 ms, found 5 plugins.
Unloading 24 Unused Serialized files (Serialized files now loaded: 0)
Unloading 7513 unused Assets / (6.5 MB). Loaded Objects now: 8518.
Memory consumption went from 405.9 MB to 399.4 MB.
Total: 28.736900 ms (FindLiveObjects: 3.141500 ms CreateObjectMapping: 1.968300 ms MarkObjects: 17.462200 ms  DeleteObjects: 5.233800 ms)

Prepare: number of updated asset objects reloaded= 0
========================================================================
Received Prepare
AcceleratorClientConnectionCallback - disconnected - :0
'Packages/com.unity.render-pipelines.core/Editor/Deprecated.cs' contains partial class of Unity.Object, exactly 1 of the partial classes needs to be in a file with the same filename. This is to know the one that can be referenced from ie. GameObjects
'Packages/com.unity.render-pipelines.core/Editor/Deprecated.cs' contains partial class of Unity.Object, exactly 1 of the partial classes needs to be in a file with the same filename. This is to know the one that can be referenced from ie. GameObjects
Refreshing native plugins compatible for Editor in 16.17 ms, found 5 plugins.
Unloading 24 Unused Serialized files (Serialized files now loaded: 0)
Unloading 7498 unused Assets / (6.8 MB). Loaded Objects now: 8518.
Memory consumption went from 407.8 MB to 401.0 MB.
Total: 36.542500 ms (FindLiveObjects: 2.794600 ms CreateObjectMapping: 2.610400 ms MarkObjects: 21.186800 ms  DeleteObjects: 8.878400 ms)

Prepare: number of updated asset objects reloaded= 0
========================================================================
Received Import Request.
  Time of request: 2026-09-09T21:29:55.1715831Z
  Time since last request: 587.1335775 seconds.
  importAddress: GUID: 7705a2b4fc7a4f6488119a1ca8ae873c - Path: Assets/Scripts/ScoreWindow.cs - Importer: PreviewImporter
Importing 'GUID: 7705a2b4fc7a4f6488119a1ca8ae873c - Path: Assets/Scripts/ScoreWindow.cs - Importer: PreviewImporter' with importer (PreviewImporter)
Imported 'GUID: 7705a2b4fc7a4f6488119a1ca8ae873c' -> (Import Result ID: '6293be302cd76265820779e2daa2c19e') in 0.085 seconds [static and dynamic dependencies]. Details - ImportResultOutputID=3d9b8957d7d29e15c5f258933078381c DependenciesID=723a78e0d901f36766ff0ac2f306fe68 StaticDependenciesID=0b8b15cb425da65fff0c953969f25549 
Number of updated asset objects reloaded before import = 0
Number of asset objects unloaded after import = 0
========================================================================
Received Prepare
AcceleratorClientConnectionCallback - disconnected - :0
[Licensing::Client] Successfully resolved entitlement details
Begin MonoManager ReloadAssembly
'Packages/com.unity.render-pipelines.core/Editor/Deprecated.cs' contains partial class of Unity.Object, exactly 1 of the partial classes needs to be in a file with the same filename. This is to know the one that can be referenced from ie. GameObjects
'Packages/com.unity.render-pipelines.core/Editor/Deprecated.cs' contains partial class of Unity.Object, exactly 1 of the partial classes needs to be in a file with the same filename. This is to know the one that can be referenced from ie. GameObjects
Refreshing native plugins compatible for Editor in 10.76 ms, found 5 plugins.
Native extension for WindowsStandalone target not found
Native extension for WebGL target not found
[Package Manager] Failed to launch server process. Reason: Unity was launched with the -noUpm command-line argument
[Package Manager] Unable to send message (not connected to server process).
[Package Manager] Cannot connect to Unity Package Manager local server
[Package Manager] Failed to launch server process. Reason: Unity was launched with the -noUpm command-line argument
[Package Manager] Unable to send message (not connected to server process).
[Package Manager] Cannot connect to Unity Package Manager local server
ScheduleIndexationOnStartup MainProcess:False IndexOnStartup:True
Scripting: successfully reloaded assembly
- Finished resetting the current domain, in  2.934 seconds
Domain Reload Profiling: 8011ms
	BeginReloadAssembly (1294ms)
		DisableScriptedObjects (81ms)
		CreateAndSetChildDomain (217ms)
	RebuildCommonClasses (40ms)
	RebuildNativeTypeToScriptingClass (90ms)
	initialDomainReloadingComplete (417ms)
	LoadAllAssembliesAndSetupDomain (3234ms)
		LoadAssemblies (2136ms)
		TypeCache.Refresh (38ms)
		AnalyzeDomain (873ms)
			BuildScriptInfoCaches (845ms)
			ResolveRequiredComponents (21ms)
	FinalizeReload (2937ms)
		SetupLoadedEditorAssemblies (0ms)
			LogAssemblyErrors (5ms)
			InitializePlatformSupportModulesInManaged (9ms)
			BeforeProcessingInitializeOnLoad (484ms)
			ProcessInitializeOnLoadAttributes (1022ms)
			ProcessInitializeOnLoadMethodAttributes (405ms)
			AfterProcessingInitializeOnLoad (66ms)
			EditorAssembliesLoaded (8ms)
		AwakeInstancesAfterBackupRestoration (87ms)
Refreshing native plugins compatible for Editor in 12.35 ms, found 5 plugins.
Unloading 24 Unused Serialized files (Serialized files now loaded: 0)
Unloading 7513 unused Assets / (6.4 MB). Loaded Objects now: 8521.
Memory consumption went from 406.9 MB to 400.5 MB.
Total: 25.060100 ms (FindLiveObjects: 2.927900 ms CreateObjectMapping: 1.464800 ms MarkObjects: 14.829800 ms  DeleteObjects: 5.008600 ms)

Prepare: number of updated asset objects reloaded= 0
========================================================================
Received Import Request.
  Time of request: 2026-09-09T21:30:18.9928519Z
  Time since last request: 23.6743826 seconds.
  importAddress: GUID: 7705a2b4fc7a4f6488119a1ca8ae873c - Path: Assets/Scripts/ScoreWindow.cs - Importer: PreviewImporter
Importing 'GUID: 7705a2b4fc7a4f6488119a1ca8ae873c - Path: Assets/Scripts/ScoreWindow.cs - Importer: PreviewImporter' with importer (PreviewImporter)
Imported 'GUID: 7705a2b4fc7a4f6488119a1ca8ae873c' -> (Import Result ID: 'bd73426d6d66dc9016f8c00b99f44108') in 0.006 seconds [static and dynamic dependencies]. Details - ImportResultOutputID=3d9b8957d7d29e15c5f258933078381c DependenciesID=879bde56c5e1cc038afdb66f5e183ace StaticDependenciesID=0b8b15cb425da65fff0c953969f25549 
Number of updated asset objects reloaded before import = 0
Number of asset objects unloaded after import = 0
========================================================================
Received Prepare
AcceleratorClientConnectionCallback - disconnected - :0
'Packages/com.unity.render-pipelines.core/Editor/Deprecated.cs' contains partial class of Unity.Object, exactly 1 of the partial classes needs to be in a file with the same filename. This is to know the one that can be referenced from ie. GameObjects
'Packages/com.unity.render-pipelines.core/Editor/Deprecated.cs' contains partial class of Unity.Object, exactly 1 of the partial classes needs to be in a file with the same filename. This is to know the one that can be referenced from ie. GameObjects
Refreshing native plugins compatible for Editor in 11.30 ms, found 5 plugins.
Unloading 24 Unused Serialized files (Serialized files now loaded: 0)
Unloading 7498 unused Assets / (6.2 MB). Loaded Objects now: 8521.
Memory consumption went from 405.2 MB to 399.0 MB.
Total: 24.866500 ms (FindLiveObjects: 2.386600 ms CreateObjectMapping: 1.368600 ms MarkObjects: 16.273600 ms  DeleteObjects: 4.070400 ms)

Prepare: number of updated asset objects reloaded= 0
========================================================================
Received Prepare
AcceleratorClientConnectionCallback - disconnected - :0
[Licensing::Client] Successfully resolved entitlement details
Begin MonoManager ReloadAssembly
'Packages/com.unity.render-pipelines.core/Editor/Deprecated.cs' contains partial class of Unity.Object, exactly 1 of the partial classes needs to be in a file with the same filename. This is to know the one that can be referenced from ie. GameObjects
'Packages/com.unity.render-pipelines.core/Editor/Deprecated.cs' contains partial class of Unity.Object, exactly 1 of the partial classes needs to be in a file with the same filename. This is to know the one that can be referenced from ie. GameObjects
Refreshing native plugins compatible for Editor in 10.82 ms, found 5 plugins.
Native extension for WindowsStandalone target not found
Native extension for WebGL target not found
[Package Manager] Failed to launch server process. Reason: Unity was launched with the -noUpm command-line argument
[Package Manager] Unable to send message (not connected to server process).
[Package Manager] Cannot connect to Unity Package Manager local server
[Package Manager] Failed to launch server process. Reason: Unity was launched with the -noUpm command-line argument
[Package Manager] Unable to send message (not connected to server process).
[Package Manager] Cannot connect to Unity Package Manager local server
ScheduleIndexationOnStartup MainProcess:False IndexOnStartup:True
Scripting: successfully reloaded assembly
- Finished resetting the current domain, in  2.592 seconds
Domain Reload Profiling: 6827ms
	BeginReloadAssembly (1118ms)
		DisableScriptedObjects (58ms)
		CreateAndSetChildDomain (193ms)
	RebuildCommonClasses (38ms)
	RebuildNativeTypeToScriptingClass (80ms)
	initialDomainReloadingComplete (285ms)
	LoadAllAssembliesAndSetupDomain (2711ms)
		LoadAssemblies (1838ms)
		TypeCache.Refresh (37ms)
		AnalyzeDomain (726ms)
			BuildScriptInfoCaches (705ms)
			ResolveRequiredComponents (16ms)
	FinalizeReload (2595ms)
		SetupLoadedEditorAssemblies (0ms)
			LogAssemblyErrors (5ms)
			InitializePlatformSupportModulesInManaged (6ms)
			BeforeProcessingInitializeOnLoad (431ms)
			ProcessInitializeOnLoadAttributes (951ms)
			ProcessInitializeOnLoadMethodAttributes (314ms)
			AfterProcessingInitializeOnLoad (48ms)
			EditorAssembliesLoaded (5ms)
		AwakeInstancesAfterBackupRestoration (57ms)
Refreshing native plugins compatible for Editor in 10.37 ms, found 5 plugins.
Unloading 24 Unused Serialized files (Serialized files now loaded: 0)
Unloading 7513 unused Assets / (6.3 MB). Loaded Objects now: 8524.
Memory consumption went from 410.2 MB to 403.9 MB.
Total: 23.976100 ms (FindLiveObjects: 2.634800 ms CreateObjectMapping: 1.355300 ms MarkObjects: 14.925100 ms  DeleteObjects: 4.288300 ms)

Prepare: number of updated asset objects reloaded= 0
========================================================================
Received Prepare
AcceleratorClientConnectionCallback - disconnected - :0
'Packages/com.unity.render-pipelines.core/Editor/Deprecated.cs' contains partial class of Unity.Object, exactly 1 of the partial classes needs to be in a file with the same filename. This is to know the one that can be referenced from ie. GameObjects
'Packages/com.unity.render-pipelines.core/Editor/Deprecated.cs' contains partial class of Unity.Object, exactly 1 of the partial classes needs to be in a file with the same filename. This is to know the one that can be referenced from ie. GameObjects
Refreshing native plugins compatible for Editor in 17.20 ms, found 5 plugins.
Unloading 24 Unused Serialized files (Serialized files now loaded: 0)
Unloading 7498 unused Assets / (5.9 MB). Loaded Objects now: 8524.
Memory consumption went from 412.2 MB to 406.2 MB.
Total: 42.206100 ms (FindLiveObjects: 3.325900 ms CreateObjectMapping: 3.025000 ms MarkObjects: 25.738100 ms  DeleteObjects: 8.674300 ms)

Prepare: number of updated asset objects reloaded= 0
========================================================================
Received Prepare
AcceleratorClientConnectionCallback - disconnected - :0
Begin MonoManager ReloadAssembly
'Packages/com.unity.render-pipelines.core/Editor/Deprecated.cs' contains partial class of Unity.Object, exactly 1 of the partial classes needs to be in a file with the same filename. This is to know the one that can be referenced from ie. GameObjects
'Packages/com.unity.render-pipelines.core/Editor/Deprecated.cs' contains partial class of Unity.Object, exactly 1 of the partial classes needs to be in a file with the same filename. This is to know the one that can be referenced from ie. GameObjects
Refreshing native plugins compatible for Editor in 8.81 ms, found 5 plugins.
Native extension for WindowsStandalone target not found
Native extension for WebGL target not found
[Package Manager] Failed to launch server process. Reason: Unity was launched with the -noUpm command-line argument
[Package Manager] Unable to send message (not connected to server process).
[Package Manager] Cannot connect to Unity Package Manager local server
[Package Manager] Failed to launch server process. Reason: Unity was launched with the -noUpm command-line argument
[Package Manager] Unable to send message (not connected to server process).
[Package Manager] Cannot connect to Unity Package Manager local server
ScheduleIndexationOnStartup MainProcess:False IndexOnStartup:True
Scripting: successfully reloaded assembly
- Finished resetting the current domain, in  3.099 seconds
Domain Reload Profiling: 7506ms
	BeginReloadAssembly (1129ms)
		DisableScriptedObjects (69ms)
		CreateAndSetChildDomain (187ms)
	RebuildCommonClasses (43ms)
	RebuildNativeTypeToScriptingClass (82ms)
	initialDomainReloadingComplete (347ms)
	LoadAllAssembliesAndSetupDomain (2800ms)
		LoadAssemblies (1797ms)
		TypeCache.Refresh (31ms)
		AnalyzeDomain (784ms)
			BuildScriptInfoCaches (762ms)
			ResolveRequiredComponents (17ms)
	FinalizeReload (3104ms)
		SetupLoadedEditorAssemblies (0ms)
			LogAssemblyErrors (6ms)
			InitializePlatformSupportModulesInManaged (8ms)
			BeforeProcessingInitializeOnLoad (474ms)
			ProcessInitializeOnLoadAttributes (1161ms)
			ProcessInitializeOnLoadMethodAttributes (377ms)
			AfterProcessingInitializeOnLoad (82ms)
			EditorAssembliesLoaded (7ms)
		AwakeInstancesAfterBackupRestoration (125ms)
Refreshing native plugins compatible for Editor in 19.45 ms, found 5 plugins.
Unloading 24 Unused Serialized files (Serialized files now loaded: 0)
Unloading 7513 unused Assets / (6.7 MB). Loaded Objects now: 8527.
Memory consumption went from 416.6 MB to 409.9 MB.
Total: 42.818700 ms (FindLiveObjects: 3.523000 ms CreateObjectMapping: 2.852000 ms MarkObjects: 26.761000 ms  DeleteObjects: 8.424200 ms)

Prepare: number of updated asset objects reloaded= 0
========================================================================
Received Prepare
AcceleratorClientConnectionCallback - disconnected - :0
'Packages/com.unity.render-pipelines.core/Editor/Deprecated.cs' contains partial class of Unity.Object, exactly 1 of the partial classes needs to be in a file with the same filename. This is to know the one that can be referenced from ie. GameObjects
'Packages/com.unity.render-pipelines.core/Editor/Deprecated.cs' contains partial class of Unity.Object, exactly 1 of the partial classes needs to be in a file with the same filename. This is to know the one that can be referenced from ie. GameObjects
Refreshing native plugins compatible for Editor in 10.22 ms, found 5 plugins.
Unloading 24 Unused Serialized files (Serialized files now loaded: 0)
Unloading 7498 unused Assets / (6.3 MB). Loaded Objects now: 8527.
Memory consumption went from 418.5 MB to 412.3 MB.
Total: 22.921500 ms (FindLiveObjects: 2.393100 ms CreateObjectMapping: 1.445200 ms MarkObjects: 14.851800 ms  DeleteObjects: 3.585200 ms)

Prepare: number of updated asset objects reloaded= 0
========================================================================
Received Prepare
AcceleratorClientConnectionCallback - disconnected - :0
[Licensing::Client] Successfully resolved entitlement details
Begin MonoManager ReloadAssembly
'Packages/com.unity.render-pipelines.core/Editor/Deprecated.cs' contains partial class of Unity.Object, exactly 1 of the partial classes needs to be in a file with the same filename. This is to know the one that can be referenced from ie. GameObjects
'Packages/com.unity.render-pipelines.core/Editor/Deprecated.cs' contains partial class of Unity.Object, exactly 1 of the partial classes needs to be in a file with the same filename. This is to know the one that can be referenced from ie. GameObjects
Refreshing native plugins compatible for Editor in 8.99 ms, found 5 plugins.
Native extension for WindowsStandalone target not found
Native extension for WebGL target not found
[Package Manager] Failed to launch server process. Reason: Unity was launched with the -noUpm command-line argument
[Package Manager] Unable to send message (not connected to server process).
[Package Manager] Cannot connect to Unity Package Manager local server
[Package Manager] Failed to launch server process. Reason: Unity was launched with the -noUpm command-line argument
[Package Manager] Unable to send message (not connected to server process).
[Package Manager] Cannot connect to Unity Package Manager local server
ScheduleIndexationOnStartup MainProcess:False IndexOnStartup:True
Scripting: successfully reloaded assembly
- Finished resetting the current domain, in  2.451 seconds
Domain Reload Profiling: 6243ms
	BeginReloadAssembly (914ms)
		DisableScriptedObjects (55ms)
		CreateAndSetChildDomain (126ms)
	RebuildCommonClasses (41ms)
	RebuildNativeTypeToScriptingClass (77ms)
	initialDomainReloadingComplete (297ms)
	LoadAllAssembliesAndSetupDomain (2462ms)
		LoadAssemblies (1614ms)
		TypeCache.Refresh (38ms)
		AnalyzeDomain (645ms)
			BuildScriptInfoCaches (620ms)
			ResolveRequiredComponents (19ms)
	FinalizeReload (2454ms)
		SetupLoadedEditorAssemblies (0ms)
			LogAssemblyErrors (5ms)
			InitializePlatformSupportModulesInManaged (7ms)
			BeforeProcessingInitializeOnLoad (385ms)
			ProcessInitializeOnLoadAttributes (918ms)
			ProcessInitializeOnLoadMethodAttributes (320ms)
			AfterProcessingInitializeOnLoad (58ms)
			EditorAssembliesLoaded (6ms)
		AwakeInstancesAfterBackupRestoration (73ms)
Refreshing native plugins compatible for Editor in 11.98 ms, found 5 plugins.
Unloading 24 Unused Serialized files (Serialized files now loaded: 0)
Unloading 7513 unused Assets / (6.4 MB). Loaded Objects now: 8530.
Memory consumption went from 423.4 MB to 417.1 MB.
Total: 28.724300 ms (FindLiveObjects: 3.183800 ms CreateObjectMapping: 1.682700 ms MarkObjects: 17.603300 ms  DeleteObjects: 5.367700 ms)

Prepare: number of updated asset objects reloaded= 0
========================================================================
Received Prepare
AcceleratorClientConnectionCallback - disconnected - :0
'Packages/com.unity.render-pipelines.core/Editor/Deprecated.cs' contains partial class of Unity.Object, exactly 1 of the partial classes needs to be in a file with the same filename. This is to know the one that can be referenced from ie. GameObjects
'Packages/com.unity.render-pipelines.core/Editor/Deprecated.cs' contains partial class of Unity.Object, exactly 1 of the partial classes needs to be in a file with the same filename. This is to know the one that can be referenced from ie. GameObjects
Refreshing native plugins compatible for Editor in 10.64 ms, found 5 plugins.
Unloading 24 Unused Serialized files (Serialized files now loaded: 0)
Unloading 7498 unused Assets / (6.4 MB). Loaded Objects now: 8530.
Memory consumption went from 425.4 MB to 419.0 MB.
Total: 24.003100 ms (FindLiveObjects: 2.734200 ms CreateObjectMapping: 1.539500 ms MarkObjects: 14.617400 ms  DeleteObjects: 4.358500 ms)

Prepare: number of updated asset objects reloaded= 0
========================================================================
Received Prepare
AcceleratorClientConnectionCallback - disconnected - :0
[Licensing::Client] Successfully resolved entitlement details
Begin MonoManager ReloadAssembly
'Packages/com.unity.render-pipelines.core/Editor/Deprecated.cs' contains partial class of Unity.Object, exactly 1 of the partial classes needs to be in a file with the same filename. This is to know the one that can be referenced from ie. GameObjects
'Packages/com.unity.render-pipelines.core/Editor/Deprecated.cs' contains partial class of Unity.Object, exactly 1 of the partial classes needs to be in a file with the same filename. This is to know the one that can be referenced from ie. GameObjects
Refreshing native plugins compatible for Editor in 9.21 ms, found 5 plugins.
Native extension for WindowsStandalone target not found
Native extension for WebGL target not found
[Package Manager] Failed to launch server process. Reason: Unity was launched with the -noUpm command-line argument
[Package Manager] Unable to send message (not connected to server process).
[Package Manager] Cannot connect to Unity Package Manager local server
[Package Manager] Failed to launch server process. Reason: Unity was launched with the -noUpm command-line argument
[Package Manager] Unable to send message (not connected to server process).
[Package Manager] Cannot connect to Unity Package Manager local server
ScheduleIndexationOnStartup MainProcess:False IndexOnStartup:True
Scripting: successfully reloaded assembly
- Finished resetting the current domain, in  2.622 seconds
Domain Reload Profiling: 6469ms
	BeginReloadAssembly (985ms)
		DisableScriptedObjects (71ms)
		CreateAndSetChildDomain (182ms)
	RebuildCommonClasses (27ms)
	RebuildNativeTypeToScriptingClass (51ms)
	initialDomainReloadingComplete (288ms)
	LoadAllAssembliesAndSetupDomain (2493ms)
		LoadAssemblies (1683ms)
		TypeCache.Refresh (32ms)
		AnalyzeDomain (574ms)
			BuildScriptInfoCaches (557ms)
			ResolveRequiredComponents (13ms)
	FinalizeReload (2624ms)
		SetupLoadedEditorAssemblies (0ms)
			LogAssemblyErrors (6ms)
			InitializePlatformSupportModulesInManaged (7ms)
			BeforeProcessingInitializeOnLoad (432ms)
			ProcessInitializeOnLoadAttributes (945ms)
			ProcessInitializeOnLoadMethodAttributes (353ms)
			AfterProcessingInitializeOnLoad (45ms)
			EditorAssembliesLoaded (9ms)
		AwakeInstancesAfterBackupRestoration (75ms)
Refreshing native plugins compatible for Editor in 12.55 ms, found 5 plugins.
Unloading 24 Unused Serialized files (Serialized files now loaded: 0)
Unloading 7513 unused Assets / (6.6 MB). Loaded Objects now: 8533.
Memory consumption went from 429.4 MB to 422.8 MB.
Total: 26.641100 ms (FindLiveObjects: 2.907300 ms CreateObjectMapping: 2.255500 ms MarkObjects: 16.125000 ms  DeleteObjects: 4.517700 ms)

Prepare: number of updated asset objects reloaded= 0
========================================================================
Received Prepare
AcceleratorClientConnectionCallback - disconnected - :0
'Packages/com.unity.render-pipelines.core/Editor/Deprecated.cs' contains partial class of Unity.Object, exactly 1 of the partial classes needs to be in a file with the same filename. This is to know the one that can be referenced from ie. GameObjects
'Packages/com.unity.render-pipelines.core/Editor/Deprecated.cs' contains partial class of Unity.Object, exactly 1 of the partial classes needs to be in a file with the same filename. This is to know the one that can be referenced from ie. GameObjects
Refreshing native plugins compatible for Editor in 14.99 ms, found 5 plugins.
Unloading 24 Unused Serialized files (Serialized files now loaded: 0)
Unloading 7498 unused Assets / (6.4 MB). Loaded Objects now: 8533.
Memory consumption went from 431.3 MB to 425.0 MB.
Total: 29.834600 ms (FindLiveObjects: 2.758100 ms CreateObjectMapping: 2.016500 ms MarkObjects: 19.460400 ms  DeleteObjects: 4.712900 ms)

Prepare: number of updated asset objects reloaded= 0
========================================================================
Received Prepare
AcceleratorClientConnectionCallback - disconnected - :0
[Licensing::Client] Successfully resolved entitlement details
Begin MonoManager ReloadAssembly
'Packages/com.unity.render-pipelines.core/Editor/Deprecated.cs' contains partial class of Unity.Object, exactly 1 of the partial classes needs to be in a file with the same filename. This is to know the one that can be referenced from ie. GameObjects
'Packages/com.unity.render-pipelines.core/Editor/Deprecated.cs' contains partial class of Unity.Object, exactly 1 of the partial classes needs to be in a file with the same filename. This is to know the one that can be referenced from ie. GameObjects
Refreshing native plugins compatible for Editor in 8.51 ms, found 5 plugins.
Native extension for WindowsStandalone target not found
Native extension for WebGL target not found
[Package Manager] Failed to launch server process. Reason: Unity was launched with the -noUpm command-line argument
[Package Manager] Unable to send message (not connected to server process).
[Package Manager] Cannot connect to Unity Package Manager local server
[Package Manager] Failed to launch server process. Reason: Unity was launched with the -noUpm command-line argument
[Package Manager] Unable to send message (not connected to server process).
[Package Manager] Cannot connect to Unity Package Manager local server
ScheduleIndexationOnStartup MainProcess:False IndexOnStartup:True
Scripting: successfully reloaded assembly
- Finished resetting the current domain, in  2.724 seconds
Domain Reload Profiling: 7666ms
	BeginReloadAssembly (1363ms)
		DisableScriptedObjects (80ms)
		CreateAndSetChildDomain (236ms)
	RebuildCommonClasses (47ms)
	RebuildNativeTypeToScriptingClass (91ms)
	initialDomainReloadingComplete (451ms)
	LoadAllAssembliesAndSetupDomain (2987ms)
		LoadAssemblies (2256ms)
		TypeCache.Refresh (34ms)
		AnalyzeDomain (722ms)
			BuildScriptInfoCaches (702ms)
			ResolveRequiredComponents (15ms)
	FinalizeReload (2727ms)
		SetupLoadedEditorAssemblies (0ms)
			LogAssemblyErrors (6ms)
			InitializePlatformSupportModulesInManaged (8ms)
			BeforeProcessingInitializeOnLoad (410ms)
			ProcessInitializeOnLoadAttributes (988ms)
			ProcessInitializeOnLoadMethodAttributes (354ms)
			AfterProcessingInitializeOnLoad (60ms)
			EditorAssembliesLoaded (7ms)
		AwakeInstancesAfterBackupRestoration (96ms)
Refreshing native plugins compatible for Editor in 19.10 ms, found 5 plugins.
Unloading 24 Unused Serialized files (Serialized files now loaded: 0)
Unloading 7513 unused Assets / (6.3 MB). Loaded Objects now: 8536.
Memory consumption went from 436.9 MB to 430.6 MB.
Total: 32.214300 ms (FindLiveObjects: 3.434900 ms CreateObjectMapping: 2.413400 ms MarkObjects: 19.560600 ms  DeleteObjects: 5.800300 ms)

Prepare: number of updated asset objects reloaded= 0
========================================================================
Received Prepare
AcceleratorClientConnectionCallback - disconnected - :0
Refreshing native plugins compatible for Editor in 10.74 ms, found 5 plugins.
Unloading 24 Unused Serialized files (Serialized files now loaded: 0)
Unloading 24 unused Assets / (3.0 MB). Loaded Objects now: 8536.
Memory consumption went from 433.5 MB to 430.5 MB.
Total: 20.606500 ms (FindLiveObjects: 1.793400 ms CreateObjectMapping: 0.563100 ms MarkObjects: 16.654300 ms  DeleteObjects: 0.847200 ms)

Prepare: number of updated asset objects reloaded= 0
Editor requested this worker to shutdown with reason: Editor is closing down
AcceleratorClientConnectionCallback - disconnected - :0
AssetImportWorker is now disconnected from the server
Process exiting
[ExitDontLaunchBugReporter] Exiting without the bug reporter. Application will exit with return code 0
