[2026-09-09T22:10:04.059Z][INFO] Command-line: D:\\Unity\\Hub\\Editor\\6000.6.0f1\\Editor\\Data\\Resources\\PackageManager\\Server\\UnityPackageManager.exe server -s 17196 --ipc-path Unity-Upm-17196 -l 2 --log-file D:\\Unity\\Snake/Logs/upm.log
[2026-09-09T22:10:04.167Z][INFO] IPC server started (IPC path=Unity-Upm-17196).
[2026-09-09T22:10:04.168Z][INFO] Hint: To connect to this UPM instance, launch Unity with the command-line parameter -upmIpcPath Upm-17196.
[2026-09-09T22:10:18.270Z][INFO] project:list-packages <-- Request received
params: {}
[2026-09-09T22:10:19.097Z][INFO] project:list-packages --> 200 (827 ms)
[2026-09-09T22:10:19.428Z][INFO] config:project:get-registries <-- Request received
params: {}
[2026-09-09T22:10:19.444Z][INFO] config:project:get-registries --> 200 (16 ms)
[2026-09-09T22:10:19.484Z][INFO] project:list-packages <-- Request received
params: {}
[2026-09-09T22:10:20.671Z][INFO] project:list-packages --> 200 (1186 ms)
[2026-09-09T22:10:44.445Z][INFO] project:list-packages <-- Request received
params: {}
[2026-09-09T22:10:44.648Z][INFO] project:list-packages <-- Request received
params: {}
[2026-09-09T22:10:45.578Z][INFO] project:list-packages --> 200 (1133 ms)
[2026-09-09T22:10:45.826Z][INFO] project:list-packages <-- Request received
params: {}
[2026-09-09T22:10:45.916Z][INFO] project:list-packages --> 200 (1268 ms)
[2026-09-09T22:10:46.440Z][INFO] config:project:get-registries <-- Request received
params: {}
[2026-09-09T22:10:46.599Z][INFO] config:project:get-registries --> 200 (159 ms)
[2026-09-09T22:10:46.614Z][INFO] project:list-packages --> 200 (788 ms)
[2026-09-09T22:10:55.955Z][INFO] project:list-packages <-- Request received
params: {}
[2026-09-09T22:10:56.582Z][INFO] project:list-packages --> 200 (628 ms)
[2026-09-09T22:11:07.669Z][INFO] project:list-packages <-- Request received
params: {}
[2026-09-09T22:11:07.757Z][INFO] project:list-packages <-- Request received
params: {}
[2026-09-09T22:11:08.403Z][INFO] project:list-packages --> 200 (734 ms)
[2026-09-09T22:11:08.528Z][INFO] project:list-packages --> 200 (771 ms)
[2026-09-09T22:11:08.674Z][INFO] project:list-packages <-- Request received
params: {}
[2026-09-09T22:11:09.075Z][INFO] config:project:get-registries <-- Request received
params: {}
[2026-09-09T22:11:09.161Z][INFO] project:list-packages --> 200 (487 ms)
[2026-09-09T22:11:09.162Z][INFO] config:project:get-registries --> 200 (87 ms)
[2026-09-09T22:11:23.613Z][INFO] project:list-packages <-- Request received
params: {}
[2026-09-09T22:11:23.628Z][INFO] project:list-packages <-- Request received
params: {}
[2026-09-09T22:11:24.390Z][INFO] project:list-packages --> 200 (762 ms)
[2026-09-09T22:11:25.732Z][INFO] project:list-packages --> 200 (2118 ms)
[2026-09-09T22:21:58.011Z][INFO] project:list-packages <-- Request received
params: {}
[2026-09-09T22:21:58.538Z][INFO] project:list-packages --> 200 (528 ms)
[2026-09-09T22:21:58.780Z][INFO] project:list-packages <-- Request received
params: {}
[2026-09-09T22:21:59.165Z][INFO] config:project:get-registries <-- Request received
params: {}
[2026-09-09T22:21:59.282Z][INFO] project:list-packages --> 200 (502 ms)
[2026-09-09T22:21:59.282Z][INFO] config:project:get-registries --> 200 (117 ms)
[2026-09-09T22:22:37.038Z][INFO] project:list-packages <-- Request received
params: {}
[2026-09-09T22:22:37.536Z][INFO] project:list-packages --> 200 (498 ms)
[2026-09-09T22:22:37.832Z][INFO] project:list-packages <-- Request received
params: {}
[2026-09-09T22:22:38.224Z][INFO] config:project:get-registries <-- Request received
params: {}
[2026-09-09T22:22:38.312Z][INFO] project:list-packages --> 200 (480 ms)
[2026-09-09T22:22:38.314Z][INFO] config:project:get-registries --> 200 (89 ms)
